
 *******************************************************************************
 *   ___                                                                       *
 *  /   \                                                                      *
 * [ABORT]                                                                     *
 *  \___/           unknown subsection E_DENSITY_CUBE of section PRINT         *
 *    |                                                                        *
 *  O/|                                                                        *
 * /| |                                                                        *
 * / \                                               input/input_parsing.F:185 *
 *******************************************************************************


 ===== Routine Calling Stack ===== 

            4 section_vals_parse
            3 section_vals_parse
            2 section_vals_parse
            1 read_input
              *
 *  O/|                                                                        *
 * /| |                                                                        *
 * / \                                               input/input_parsing.F:185 *
 *******************************************************************************


 ===== Routine Calling Stack ===== 

            4 section_vals_parse
            3 section_vals_parse
            2 section_vals_parse
            1 read_input

 *******************************************************************************
 *   ___                                                                       *
 *  /   \                                                                      *
 * [ABORT]                                                                     *
 *  \___/           unknown subsection E_DENSITY_CUBE of section PRINT         *
 *    |                                                                        *
 *  O/|                                                                        *
 * /| |                                                                        *
 * / \                                               input/input_parsing.F:185 *
 *******************************************************************************


 ===== Routine Calling Stack ===== 

            4 section_vals_parse
            3 section_vals_parse
            2 section_vals_parse
            1 read_input
              *
 *  O/|                                                                        *
 * /| |                                                                        *
 * / \                                               input/input_parsing.F:185 *
 *******************************************************************************


 ===== Routine Calling Stack ===== 

            4 section_vals_parse
            3 section_vals_parse
            2 section_vals_parse
            1 read_input
